BL51 BANKED LINKER/LOCATER V6.22.2.0                                                    12/02/2024  15:37:26  PAGE 1


BL51 BANKED LINKER/LOCATER V6.22.2.0, INVOKED BY:
C:\KEIL_V5\C51\BIN\BL51.EXE .\Objects\STARTUP.obj, .\Objects\789.obj TO .\Objects\test PRINT (.\Listings\test.m51) RAMSI
>> ZE (256)


MEMORY MODEL: SMALL


INPUT MODULES INCLUDED:
  .\Objects\STARTUP.obj (?C_STARTUP)
  .\Objects\789.obj (789)


LINK MAP OF MODULE:  .\Objects\test (?C_STARTUP)


            TYPE    BASE      LENGTH    RELOCATION   SEGMENT NAME
            -----------------------------------------------------

            * * * * * * *   D A T A   M E M O R Y   * * * * * * *
            REG     0000H     0008H     ABSOLUTE     "REG BANK 0"
            DATA    0008H     0001H     UNIT         _DATA_GROUP_
            IDATA   0009H     0001H     UNIT         ?STACK

            * * * * * * *   C O D E   M E M O R Y   * * * * * * *
            CODE    0000H     0003H     ABSOLUTE     
            CODE    0003H     0050H     UNIT         ?PR?MAIN?789
            CODE    0053H     001EH     UNIT         ?PR?_DELAYMS?789
            CODE    0071H     000CH     UNIT         ?C_C51STARTUP



OVERLAY MAP OF MODULE:   .\Objects\test (?C_STARTUP)


SEGMENT                          DATA_GROUP 
  +--> CALLED SEGMENT          START    LENGTH
----------------------------------------------
?C_C51STARTUP                  -----    -----
  +--> ?PR?MAIN?789

?PR?MAIN?789                   0008H    0001H
  +--> ?PR?_DELAYMS?789



SYMBOL TABLE OF MODULE:  .\Objects\test (?C_STARTUP)

  VALUE           TYPE          NAME
  ----------------------------------

  -------         MODULE        ?C_STARTUP
  C:0071H         SEGMENT       ?C_C51STARTUP
  I:0009H         SEGMENT       ?STACK
  C:0000H         PUBLIC        ?C_STARTUP
  D:00E0H         SYMBOL        ACC
  D:00F0H         SYMBOL        B
  D:0083H         SYMBOL        DPH
BL51 BANKED LINKER/LOCATER V6.22.2.0                                                  12/02/2024  15:37:26  PAGE 2


  D:0082H         SYMBOL        DPL
  N:0000H         SYMBOL        IBPSTACK
  N:0100H         SYMBOL        IBPSTACKTOP
  N:0080H         SYMBOL        IDATALEN
  C:0074H         SYMBOL        IDATALOOP
  N:0000H         SYMBOL        PBPSTACK
  N:0100H         SYMBOL        PBPSTACKTOP
  N:0000H         SYMBOL        PDATALEN
  N:0000H         SYMBOL        PDATASTART
  N:0000H         SYMBOL        PPAGE
  N:0000H         SYMBOL        PPAGEENABLE
  D:00A0H         SYMBOL        PPAGE_SFR
  D:0081H         SYMBOL        SP
  C:0071H         SYMBOL        STARTUP1
  N:0000H         SYMBOL        XBPSTACK
  N:0000H         SYMBOL        XBPSTACKTOP
  N:0000H         SYMBOL        XDATALEN
  N:0000H         SYMBOL        XDATASTART
  C:0000H         LINE#         126
  C:0071H         LINE#         133
  C:0073H         LINE#         134
  C:0074H         LINE#         135
  C:0075H         LINE#         136
  C:0077H         LINE#         185
  C:007AH         LINE#         196
  -------         ENDMOD        ?C_STARTUP

  -------         MODULE        789
  C:0000H         SYMBOL        _ICE_DUMMY_
  D:0080H         PUBLIC        P0
  D:0090H         PUBLIC        P1
  D:00A0H         PUBLIC        P2
  D:00B0H         PUBLIC        P3
  D:00A8H         PUBLIC        IE
  D:00B8H         PUBLIC        IP
  B:00B0H.2       PUBLIC        dacs
  B:00A0H.3       PUBLIC        beep
  C:0003H         PUBLIC        main
  B:00A0H.6       PUBLIC        dula
  B:00A0H.7       PUBLIC        wela
  B:00B0H.6       PUBLIC        dawr
  D:0098H         PUBLIC        SCON
  D:0088H         PUBLIC        TCON
  D:00C8H         PUBLIC        T2CON
  C:0053H         PUBLIC        _delayms
  D:00D0H         PUBLIC        PSW
  -------         PROC          _DELAYMS
  D:0006H         SYMBOL        xms
  -------         DO            
  D:0006H         SYMBOL        i
  D:0004H         SYMBOL        j
  -------         ENDDO         
  C:0053H         LINE#         9
  C:0053H         LINE#         10
  C:0053H         LINE#         12
  C:005CH         LINE#         13
  C:0070H         LINE#         14
BL51 BANKED LINKER/LOCATER V6.22.2.0                                                  12/02/2024  15:37:26  PAGE 3


  -------         ENDPROC       _DELAYMS
  -------         PROC          MAIN
  -------         DO            
  D:0008H         SYMBOL        val
  D:0003H         SYMBOL        flag
  -------         ENDDO         
  C:0003H         LINE#         15
  C:0003H         LINE#         16
  C:0003H         LINE#         18
  C:0005H         LINE#         19
  C:0007H         LINE#         20
  C:0009H         LINE#         21
  C:000BH         LINE#         22
  C:000EH         LINE#         23
  C:000EH         LINE#         24
  C:000EH         LINE#         25
  C:0011H         LINE#         26
  C:0011H         LINE#         27
  C:0017H         LINE#         28
  C:0019H         LINE#         29
  C:001EH         LINE#         30
  C:001EH         LINE#         31
  C:0020H         LINE#         32
  C:0022H         LINE#         33
  C:0028H         LINE#         34
  C:002AH         LINE#         35
  C:002AH         LINE#         36
  C:0031H         LINE#         37
  C:0033H         LINE#         39
  C:0033H         LINE#         40
  C:0039H         LINE#         41
  C:003BH         LINE#         42
  C:003FH         LINE#         43
  C:003FH         LINE#         44
  C:0040H         LINE#         45
  C:0042H         LINE#         46
  C:0048H         LINE#         47
  C:004AH         LINE#         48
  C:004AH         LINE#         49
  C:0051H         LINE#         50
  C:0051H         LINE#         51
  -------         ENDPROC       MAIN
  -------         ENDMOD        789

Program Size: data=10.0 xdata=0 code=125
LINK/LOCATE RUN COMPLETE.  0 WARNING(S),  0 ERROR(S)
